[www.mavo.co/index.html]
[backblue.gif]
[fade.gif]
[index.html]
[images.squarespace-cdn.com/content/5fae834c1e53e609dae7efa3/1606054545283-N0TO0VD2HWIXBA01V4Z5/mv-logo-png5d45.png]
[assets.squarespace.com/@sqs/polyfiller/1.2.2/legacy.js]
[use.typekit.net/ik/aNbmHvn3EThRT0tfnz81raCAUvV2w-_mnuIb-HUMLPIfezb2fFHN4UJLFRbh52jhWDmcjA9twDsRwA9uwh9hw28qjA9aZAZywU7sMkG0jAFu-WsoShFGZAsude80ZkoRdhXCHKoyjamTiY8Djhy8ZYmC-Ao1]
[assets.squarespace.com/@sqs/polyfiller/1.2.2/modern.js]
[assets.squarespace.com/universal/scripts-compressed/cldr-resource-pack-be81d1ce004cbca505842-min.en-US.js]
[assets.squarespace.com/universal/scripts-compressed/cldr-resource-pack-dd7685db2d75d1795bc35-min.pt-BR.js]
[assets.squarespace.com/universal/scripts-compressed/moment-js-vendor-25ab5e01a7eec62c909fc-min.pt-BR.js]
[assets.squarespace.com/universal/scripts-compressed/performance-c33ee30ab11dcc4a6b8ae-min.pt-BR.js]
[assets.squarespace.com/universal/scripts-compressed/common-vendors-stable-a1129af7e9595ce9284b4-min.pt-BR.js]
[static1.squarespace.com/static/versioned-site-css/5fae834c1e53e609dae7efa3/38/5c5a519771c10ba3470d8101/5fae834d1e53e609dae7efbd/1117/site.css]
[images.squarespace-cdn.com/content/v1/5fae834c1e53e609dae7efa3/1606054545283-N0TO0VD2HWIXBA01V4Z5/mv-logo-png26f7.png]
[www.mavo.co/cart.html]
[www.mavo.co/mavo.html]
[www.mavo.co/projetos.html]
[www.mavo.co/contato.html]
[www.mavo.co/converse.html]
[www.mavo.co/ducati.html]
[www.mavo.co/ford.html]
[www.mavo.co/andosemdestino.html]
[www.mavo.co/authenticfeet.html]
[images.squarespace-cdn.com/content/v1/5fae834c1e53e609dae7efa3/1608583487498-W5SMAOIWUJ4GYHAJ1E1N/Vector.png]
[www.mavo.co/uol.html]
[assets.squarespace.com/universal/scripts-compressed/common-vendors-faca222ddeb61ad397d36-min.pt-BR.js]
[www.mavo.co/index.html]
[assets.squarespace.com/universal/scripts-compressed/common-1fd9c34b371f29651d649-min.pt-BR.js]
[assets.squarespace.com/universal/images-v6/damask/error-dark.png]
[assets.squarespace.com/universal/images-v6/damask/error-dark@2x.png]
[assets.squarespace.com/universal/images-v6/damask/play-button.png]
[assets.squarespace.com/universal/images-v6/damask/play-button@2x.png]
[static1.squarespace.com/static/vta/5c5a519771c10ba3470d8101/scripts/site-bundle.6b2239025c0259c01198bfdfc97fad49.js]
[assets.squarespace.com/universal/images-v6/damask/edit-aviary-light.png]
[assets.squarespace.com/universal/images-v6/damask/edit-aviary-light@2x.png]
[assets.squarespace.com/universal/images-v6/damask/edit-info-light.png]
[assets.squarespace.com/universal/images-v6/damask/edit-info-light@2x.png]
[assets.squarespace.com/universal/images-v6/damask/trash-9-light.png]
[assets.squarespace.com/universal/images-v6/damask/trash-9-light@2x.png]
[assets.squarespace.com/universal/images-v6/damask/trash-9-red.png]
[assets.squarespace.com/universal/images-v6/damask/trash-9-red@2x.png]
[assets.squarespace.com/universal/images-v6/damask/getty-16-light.png]
[assets.squarespace.com/universal/images-v6/damask/getty-32-light.png]
[assets.squarespace.com/universal/images-v6/damask/shopping-cart-16-light.png]
[assets.squarespace.com/universal/images-v6/damask/shopping-cart-32-light.png]
[static1.squarespace.com/universal/images-v6/icons/block-indicator-dark.png]
[static1.squarespace.com/universal/images-v6/icons/block-indicator-dark@2x.png]
[static1.squarespace.com/universal/images-v6/icons/opentable-icons.png]
[static1.squarespace.com/universal/images-v6/icons/icon-searchqueries-20-dark.png]
[static1.squarespace.com/universal/images-v6/icons/icon-searchqueries-20-light.png]
[assets.squarespace.com/universal/images-v6/icons/icon-video-24-light-solid.png]
[assets.squarespace.com/universal/images-v6/standard/icon_close_7_light.png]
[assets.squarespace.com/universal/images-v6/icons/icon-settings-16-light.png]
[static1.squarespace.com/static/versioned-site-css/5fae834c1e53e609dae7efa3/38/5c5a519771c10ba3470d8101/5fae834d1e53e609dae7efbd/1117/site.css]
[www.mavo.co/cart.html]
[static1.squarespace.com/static/versioned-site-css/5fae834c1e53e609dae7efa3/38/5c5a519771c10ba3470d8101/5fae834d1e53e609dae7efbd/1118/site.css]
[static1.squarespace.com/static/vta/5c5a519771c10ba3470d8101/scripts/site-bundle.4b801804c5bb964b31a4b8d8b1fc9de5.js]
[assets.squarespace.com/universal/scripts-compressed/common-vendors-534399c846dfcdaf89334-min.pt-BR.js]
[assets.squarespace.com/universal/scripts-compressed/performance-4c57a33a621f47bf23109-min.pt-BR.js]
[static1.squarespace.com/static/versioned-site-css/5fae834c1e53e609dae7efa3/38/5c5a519771c10ba3470d8101/5fae834d1e53e609dae7efbd/1113/site.css]
[assets.squarespace.com/universal/scripts-compressed/common-vendors-35d661c73c1092cc3d44d-min.pt-BR.js]
[www.mavo.co/_https_/player.vimeo.com/video/493496301.3b13bc.delayed]
[images.squarespace-cdn.com/content/v1/5fae834c1e53e609dae7efa3/1608589501727-OJHDYH5UQBY99PU813IK/01.jpg]
[images.squarespace-cdn.com/content/v1/5fae834c1e53e609dae7efa3/1608588406684-C3RRG6ERBZGFYOU0MVPV/02.jpg]
[assets.squarespace.com/universal/scripts-compressed/common-ae2443f320086c8d1e9c4-min.pt-BR.js]
[images.squarespace-cdn.com/content/v1/5fae834c1e53e609dae7efa3/1608588544484-RB1MVI6Q2JOMI527NCA0/Large+JPG-Aro+Ha_0380.jpg]
[images.squarespace-cdn.com/content/v1/5fae834c1e53e609dae7efa3/1608588598342-LYJO5R9YWY8MB7RK6XX4/04.jpg]
[assets.squarespace.com/universal/scripts-compressed/commerce-cart-40f14a45354963121d351-min.pt-BR.js]
[www.mavo.co/mavo.html]
[static1.squarespace.com/static/vta/5c5a519771c10ba3470d8101/scripts/site-bundle.890a4b8b39740fb0c45b3fa5e2ace5df.js]
[www.mavo.co/cea.html]
[www.mavo.co/clear.html]
[www.mavo.co/kybrasil.html]
[www.mavo.co/paola.html]
[www.mavo.co/giuliano.html]
[www.mavo.co/fortnite.html]
[www.mavo.co/projetos.html]
[www.mavo.co/2de1.html]
[static1.squarespace.com/static/versioned-site-css/5fae834c1e53e609dae7efa3/38/5c5a519771c10ba3470d8101/5fae834d1e53e609dae7efbd/1114/site.css]
[www.mavo.co/contato.html]
[static1.squarespace.com/static/vta/5c5a519771c10ba3470d8101/scripts/site-bundle.1688a526dca30373359f78d6745c0945.js]
[www.mavo.co/_https_/player.vimeo.com/video/536148809.4b4f9a.delayed]
[www.mavo.co/_https_/player.vimeo.com/video/537307630.4d4f9a.delayed]
[images.squarespace-cdn.com/content/v1/5fae834c1e53e609dae7efa3/1618516667237-RH5D1GEUDKRW3WR5P9S0/PEDRO+PRADO.png]
[images.squarespace-cdn.com/content/v1/5fae834c1e53e609dae7efa3/1618516434458-AQC9NMD8OGWEVN8EH03O/Edson.jpg]
[images.squarespace-cdn.com/content/v1/5fae834c1e53e609dae7efa3/1618517103180-M3RTBU4YDU2F2BPHZRI6/chuck+70's+bom+retiro+3.png]
[images.squarespace-cdn.com/content/v1/5fae834c1e53e609dae7efa3/1618516929492-MGNGPSVE7ZB2JR11ZHHN/chuck+70's+bom+retiro+4.png]
[images.squarespace-cdn.com/content/v1/5fae834c1e53e609dae7efa3/1618517019585-NY9RG9CC93Z9U3POVEDV/chuck+70's+bom+retiro.png]
[images.squarespace-cdn.com/content/v1/5fae834c1e53e609dae7efa3/1618518293084-I5Q0BZ8J2RAY3J55XQPS/MAVO4479.jpg]
[images.squarespace-cdn.com/content/v1/5fae834c1e53e609dae7efa3/1618516865609-ZBRYAD5MLO85YTC577WS/chuck+70's+bom+retiro+2.png]
[www.mavo.co/converse.html]
[assets.squarespace.com/universal/scripts-compressed/common-vendors-006da29e5450d18e70888-min.pt-BR.js]
[static1.squarespace.com/static/versioned-site-css/5fae834c1e53e609dae7efa3/38/5c5a519771c10ba3470d8101/5fae834d1e53e609dae7efbd/1115/site.css]
[www.mavo.co/_https_/player.vimeo.com/video/489533222.5813bc.delayed]
[www.mavo.co/_https_/player.vimeo.com/video/489533324.5a13bc.delayed]
[www.mavo.co/_https_/player.vimeo.com/video/489533216.5c13bc.delayed]
[www.mavo.co/_https_/player.vimeo.com/video/489533255.5e13bc.delayed]
[www.mavo.co/_https_/player.vimeo.com/video/489533408.6013bc.delayed]
[www.mavo.co/_https_/player.vimeo.com/video/489533326.6213bc.delayed]
[images.squarespace-cdn.com/content/v1/5fae834c1e53e609dae7efa3/1607957188856-LK3W2LYLSCLSBD23QR97/mavo_ducati_00015.jpg]
[images.squarespace-cdn.com/content/v1/5fae834c1e53e609dae7efa3/1607958009663-QJCJSQW3C24JXN4MFNX1/Ducati+Multistrada+Estrada.png]
[images.squarespace-cdn.com/content/v1/5fae834c1e53e609dae7efa3/1607958059876-NA7IB5E8LDXVJIUNTO3H/Ducati+Multistrada+Mavo+Content.png]
[images.squarespace-cdn.com/content/v1/5fae834c1e53e609dae7efa3/1607957947884-3HD41YGPK1B15FYVHNJS/Ducati+Multistrada+Mavo.png]
[images.squarespace-cdn.com/content/v1/5fae834c1e53e609dae7efa3/1607958105323-D8234ZQT2A27V9VHMIOF/Ducati+Multistrada+Curva.png]
[www.mavo.co/ducati.html]
[static1.squarespace.com/static/vta/5c5a519771c10ba3470d8101/scripts/site-bundle.b9d9e24bd4e11d972a961a8239e93dfb.js]
[www.mavo.co/_https_/player.vimeo.com/video/490765211.6a13bc.delayed]
[www.mavo.co/_https_/player.vimeo.com/video/490765287.6c13bc.delayed]
[www.mavo.co/_https_/player.vimeo.com/video/490765469.6e13bc.delayed]
[www.mavo.co/_https_/player.vimeo.com/video/362460815.7013bc.delayed]
[www.mavo.co/ford.html]
[www.mavo.co/_https_/player.vimeo.com/video/563844866.724f9a.delayed]
[www.mavo.co/_https_/player.vimeo.com/video/563844056.744f9a.delayed]
[www.mavo.co/_https_/player.vimeo.com/video/533176196.764f9a.delayed]
[www.mavo.co/_https_/player.vimeo.com/video/533175910.784f9a.delayed]
[www.mavo.co/_https_/player.vimeo.com/video/533176065.7a4f9a.delayed]
[images.squarespace-cdn.com/content/v1/5fae834c1e53e609dae7efa3/1617827311973-JMMC0UY97A6ZO69HAQYF/remote+making+of+authentic+feet.gif]
[www.mavo.co/authenticfeet.html]
[www.mavo.co/_/www.youtube.com/embed/0Sre-LrL6lE.7d8344.delayed]
[www.mavo.co/andosemdestinofaf6.html]
[www.mavo.co/andosemdestinodd07.html]
[www.mavo.co/andosemdestinoc6f0.html]
[www.mavo.co/andosemdestino041e.html]
[www.mavo.co/andosemdestinod3d2.html]
[www.mavo.co/andosemdestinobc8d.html]
[www.mavo.co/andosemdestinobbae.html]
[www.mavo.co/andosemdestinoc2a3.html]
[www.mavo.co/andosemdestino3f6d.html]
[www.mavo.co/andosemdestinof515.html]
[www.mavo.co/andosemdestino48b5.html]
[www.mavo.co/andosemdestino6e1e.html]
[www.mavo.co/andosemdestino1fd7.html]
[www.mavo.co/acervo.html]
[www.mavo.co/_/www.youtube.com/embed/u8mOv5hvJDY.8d8344.delayed]
[www.mavo.co/_/www.youtube.com/embed/Xk-w90bQqNc.8f8344.delayed]
[www.mavo.co/_/www.youtube.com/embed/CENLq1V9gwI.91162e.delayed]
[www.mavo.co/_/www.youtube.com/embed/QBiyTg9_zB4.938344.delayed]
[www.mavo.co/_/www.youtube.com/embed/3bZ1brgSSjE.958344.delayed]
[www.mavo.co/_/www.youtube.com/embed/-cH6sbHbydE.979088.delayed]
[www.mavo.co/andosemdestino.html]
[www.mavo.co/_https_/player.vimeo.com/video/348661909.9913bc.delayed]
[www.mavo.co/_https_/player.vimeo.com/video/385984279.9b13bc.delayed]
[www.mavo.co/_https_/player.vimeo.com/video/507595764.9d13bc.delayed]
[www.mavo.co/_/www.youtube.com/embed/Xc_wFDy0Z8U.9f8344.delayed]
[www.mavo.co/_https_/player.vimeo.com/video/507606183.a113bc.delayed]
[images.squarespace-cdn.com/content/v1/5fae834c1e53e609dae7efa3/1612285255587-QIO63Z6F67U7SUAR6TPL/info_V7_web.jpg]
[www.mavo.co/uol.html]
[static1.squarespace.com/static/versioned-site-css/5fae834c1e53e609dae7efa3/38/5c5a519771c10ba3470d8101/5fae834d1e53e609dae7efbd/1118/site.css]
[static1.squarespace.com/static/versioned-site-css/5fae834c1e53e609dae7efa3/38/5c5a519771c10ba3470d8101/5fae834d1e53e609dae7efbd/1113/site.css]
[www.mavo.co/_https_/player.vimeo.com/video/49349630112a1.html]
[www.mavo.co/_https_/player.vimeo.com/video/49349630113bc.html]
[www.mavo.co/_https_/player.vimeo.com/video/508844152.a84f9a.delayed]
[www.mavo.co/_https_/player.vimeo.com/video/508844225.aa4f9a.delayed]
[www.mavo.co/_https_/player.vimeo.com/video/508844299.ac4f9a.delayed]
[www.mavo.co/_https_/player.vimeo.com/video/508848894.ae4f9a.delayed]
[images.squarespace-cdn.com/content/v1/5fae834c1e53e609dae7efa3/1605285105778-8V9EHZ0V5SR1B5QFPZJ6/gif+3+mavo+content+pantone+cea.gif]
[images.squarespace-cdn.com/content/v1/5fae834c1e53e609dae7efa3/1605284976404-V4WDY23CC0MPDRQB0XBX/gif+2+mavo+content+pantone+cea.gif]
[images.squarespace-cdn.com/content/v1/5fae834c1e53e609dae7efa3/1605285019169-1GVCYL7BVY8KTLL82Z1Y/gif+1+mavo+content+pantone+cea.gif]
[www.mavo.co/cea.html]
[www.mavo.co/_https_/player.vimeo.com/video/581246848.b34f9a.delayed]
[www.mavo.co/_https_/player.vimeo.com/video/581246727.b54f9a.delayed]
[www.mavo.co/_https_/player.vimeo.com/video/563747724.b74f9a.delayed]
[www.mavo.co/clear1f8a.html]
[www.mavo.co/clearc222.html]
[www.mavo.co/clearaea2.html]
[www.mavo.co/cleardc5e.html]
[www.mavo.co/clear3c4a.html]
[www.mavo.co/clear1777.html]
[www.mavo.co/clear88e2.html]
[www.mavo.co/clear29e5.html]
[www.mavo.co/clear.html]
[www.mavo.co/clear2232.html]
[www.mavo.co/_https_/player.vimeo.com/video/397249307.c44f9a.delayed]
[www.mavo.co/kybrasil.html]
[www.mavo.co/_/www.youtube.com/embed/8qFZ0N4R68k.c68344.delayed]
[www.mavo.co/_/www.youtube.com/embed/ex8GdjnUhiU.c8f824.delayed]
[www.mavo.co/paola.html]
[static1.squarespace.com/static/versioned-site-css/5fae834c1e53e609dae7efa3/38/5c5a519771c10ba3470d8101/5fae834d1e53e609dae7efbd/1116/site.css]
[www.mavo.co/_https_/player.vimeo.com/video/412039408.cc4f9a.delayed]
[www.mavo.co/giuliano.html]
[www.mavo.co/_https_/player.vimeo.com/video/385992187.ce13bc.delayed]
[assets.squarespace.com/universal/scripts-compressed/common-vendors-30971e886d3a3cfcb130b-min.pt-BR.js]
[www.mavo.co/_https_/player.vimeo.com/video/490970647.d013bc.delayed]
[www.mavo.co/_https_/player.vimeo.com/video/490970670.d213bc.delayed]
[assets.squarespace.com/universal/scripts-compressed/common-ad0d1e07b51d5a9e33ab5-min.pt-BR.js]
[www.mavo.co/_https_/player.vimeo.com/video/490970613.d413bc.delayed]
[www.mavo.co/fortnite.html]
[www.mavo.co/_https_/player.vimeo.com/video/508887108.d64f9a.delayed]
[assets.squarespace.com/universal/scripts-compressed/common-f7849d901e85482ad812a-min.pt-BR.js]
[www.mavo.co/2de10fc1.html]
[www.mavo.co/2de17dc8.html]
[www.mavo.co/2de18d03.html]
[www.mavo.co/2de171a4.html]
[www.mavo.co/2de1efe6.html]
[www.mavo.co/2de1e852.html]
[www.mavo.co/2de1683a.html]
[www.mavo.co/2de12a25.html]
[www.mavo.co/2de1.html]
[static1.squarespace.com/static/versioned-site-css/5fae834c1e53e609dae7efa3/38/5c5a519771c10ba3470d8101/5fae834d1e53e609dae7efbd/1114/site.css]
[www.mavo.co/_https_/player.vimeo.com/video/5361488094320.html]
[www.mavo.co/_https_/player.vimeo.com/video/5361488094f9a.html]
[www.mavo.co/_https_/player.vimeo.com/video/5373076304320.html]
[www.mavo.co/_https_/player.vimeo.com/video/5373076304f9a.html]
[static1.squarespace.com/static/versioned-site-css/5fae834c1e53e609dae7efa3/38/5c5a519771c10ba3470d8101/5fae834d1e53e609dae7efbd/1115/site.css]
[www.mavo.co/_https_/player.vimeo.com/video/48953322212a1.html]
[www.mavo.co/_https_/player.vimeo.com/video/48953322213bc.html]
[www.mavo.co/_https_/player.vimeo.com/video/48953332412a1.html]
[www.mavo.co/_https_/player.vimeo.com/video/48953332413bc.html]
[www.mavo.co/_https_/player.vimeo.com/video/48953321612a1.html]
[www.mavo.co/_https_/player.vimeo.com/video/48953321613bc.html]
[www.mavo.co/_https_/player.vimeo.com/video/48953325512a1.html]
[www.mavo.co/_https_/player.vimeo.com/video/48953325513bc.html]
[www.mavo.co/_https_/player.vimeo.com/video/48953340812a1.html]
[www.mavo.co/_https_/player.vimeo.com/video/48953340813bc.html]
[www.mavo.co/_https_/player.vimeo.com/video/48953332612a1.html]
[www.mavo.co/_https_/player.vimeo.com/video/48953332613bc.html]
[www.mavo.co/_https_/player.vimeo.com/video/49076521112a1.html]
[www.mavo.co/_https_/player.vimeo.com/video/49076521113bc.html]
[www.mavo.co/_https_/player.vimeo.com/video/49076528712a1.html]
[www.mavo.co/_https_/player.vimeo.com/video/49076528713bc.html]
[www.mavo.co/_https_/player.vimeo.com/video/49076546912a1.html]
[www.mavo.co/_https_/player.vimeo.com/video/49076546913bc.html]
[www.mavo.co/_https_/player.vimeo.com/video/36246081512a1.html]
[www.mavo.co/_https_/player.vimeo.com/video/36246081513bc.html]
[www.mavo.co/_https_/player.vimeo.com/video/5638448664320.html]
[www.mavo.co/_https_/player.vimeo.com/video/5638448664f9a.html]
[www.mavo.co/_https_/player.vimeo.com/video/5638440564320.html]
[www.mavo.co/_https_/player.vimeo.com/video/5638440564f9a.html]
[www.mavo.co/_https_/player.vimeo.com/video/5331761964320.html]
[www.mavo.co/_https_/player.vimeo.com/video/5331761964f9a.html]
[www.mavo.co/_https_/player.vimeo.com/video/5331759104320.html]
[www.mavo.co/_https_/player.vimeo.com/video/5331759104f9a.html]
[www.mavo.co/_https_/player.vimeo.com/video/5331760654320.html]
[www.mavo.co/_https_/player.vimeo.com/video/5331760654f9a.html]
[www.mavo.co/_/www.youtube.com/embed/0Sre-LrL6lE9ae1.html]
[www.mavo.co/_/www.youtube.com/embed/0Sre-LrL6lE8344.html]
[www.mavo.co/2de10ccb.html]
[www.mavo.co/andosemdestinofaf6.html]
[www.mavo.co/andosemdestinodd07.html]
[www.mavo.co/andosemdestinoc6f0.html]
[www.mavo.co/andosemdestino041e.html]
[www.mavo.co/andosemdestinod3d2.html]
[www.mavo.co/andosemdestinobc8d.html]
[www.mavo.co/andosemdestinobbae.html]
[www.mavo.co/andosemdestinoc2a3.html]
[www.mavo.co/andosemdestino3f6d.html]
[www.mavo.co/andosemdestinof515.html]
[www.mavo.co/andosemdestino48b5.html]
[www.mavo.co/andosemdestino6e1e.html]
[www.mavo.co/andosemdestino1fd7.html]
[www.mavo.co/acervo83fa.html]
[www.mavo.co/acervo85c6.html]
[www.mavo.co/acervode43.html]
[www.mavo.co/acervo4a6b.html]
[www.mavo.co/acervoa69f.html]
[www.mavo.co/acervo12fa.html]
[www.mavo.co/acervo8ce7.html]
[www.mavo.co/acervo34a3.html]
[www.mavo.co/acervo42a1.html]
[www.mavo.co/acervo30b6.html]
[www.mavo.co/acervo8896.html]
[www.mavo.co/acervo58e9.html]
[www.mavo.co/acervo6727.html]
[www.mavo.co/acervo82e3.html]
[www.mavo.co/acervo440a.html]
[www.mavo.co/acervo82f7.html]
[www.mavo.co/acervo3f66.html]
[www.mavo.co/acervoc94d.html]
[www.mavo.co/acervo3870.html]
[www.mavo.co/acervo56d2.html]
[www.mavo.co/acervoe91c.html]
[www.mavo.co/acervo1e79.html]
[www.mavo.co/acervob130.html]
[www.mavo.co/acervocbc5.html]
[www.mavo.co/acervoa7e4.html]
[www.mavo.co/acervof4f5.html]
[www.mavo.co/acervof0e5.html]
[www.mavo.co/acervobe44.html]
[assets.squarespace.com/universal/scripts-compressed/common-b79e5f157168dac0e91ef-min.pt-BR.js]
[www.mavo.co/acervo4a7a.html]
[www.mavo.co/acervod5f9.html]
[www.mavo.co/acervobce4.html]
[www.mavo.co/acervo0495.html]
[www.mavo.co/acervo20bc.html]
[www.mavo.co/acervoa339.html]
[www.mavo.co/acervo8648.html]
[www.mavo.co/acervo91da.html]
[www.mavo.co/acervod720.html]
[www.mavo.co/acervo0e83.html]
[www.mavo.co/acervoe7e9.html]
[www.mavo.co/acervo13c4.html]
[www.mavo.co/acervo4c98.html]
[www.mavo.co/acervod464.html]
[www.mavo.co/acervo39a3.html]
[www.mavo.co/acervo8a58.html]
[www.mavo.co/acervo096c.html]
[www.mavo.co/acervo4bc6.html]
[www.mavo.co/acervof19d.html]
[www.mavo.co/acervob527.html]
[www.mavo.co/acervo2730.html]
[www.mavo.co/acervo6daf.html]
[www.mavo.co/acervo4f7a.html]
[www.mavo.co/acervo3328.html]
[www.mavo.co/acervo73c1.html]
[www.mavo.co/acervo3bab.html]
[www.mavo.co/acervof47e.html]
[www.mavo.co/acervoafdb.html]
[www.mavo.co/acervo4096.html]
[www.mavo.co/acervo1f9b.html]
[www.mavo.co/acervoaf28.html]
[www.mavo.co/acervo1e1b.html]
[www.mavo.co/acervoc3e9.html]
[www.mavo.co/acervo9ae7.html]
[www.mavo.co/acervo4926.html]
[www.mavo.co/acervo279e.html]
[www.mavo.co/acervo42ef.html]
[www.mavo.co/acervo4a63.html]
[www.mavo.co/acervo2d01.html]
[www.mavo.co/acervo534f.html]
[www.mavo.co/acervo4b05.html]
[www.mavo.co/acervoc4de.html]
[www.mavo.co/acervod9cc.html]
[www.mavo.co/acervod746.html]
[www.mavo.co/acervof30f.html]
[www.mavo.co/acervoa550.html]
[www.mavo.co/acervo9e32.html]
[www.mavo.co/acervo0b84.html]
[www.mavo.co/acervo0743.html]
[www.mavo.co/acervoe42f.html]
[www.mavo.co/acervoa2a1.html]
[www.mavo.co/acervo8939.html]
[www.mavo.co/acervo4833.html]
[www.mavo.co/acervo1650.html]
[www.mavo.co/acervo890f.html]
[www.mavo.co/acervob53c.html]
[www.mavo.co/acervo9c3f.html]
[www.mavo.co/acervo655d.html]
[www.mavo.co/acervodbef.html]
[www.mavo.co/acervo1222.html]
[www.mavo.co/acervo1257.html]
[www.mavo.co/acervo70b5.html]
[www.mavo.co/acervo0596.html]
[www.mavo.co/acervo3163.html]
[www.mavo.co/acervo428a.html]
[www.mavo.co/acervo211f.html]
[www.mavo.co/acervo8b7e.html]
[www.mavo.co/acervo45d0.html]
[www.mavo.co/acervo0545.html]
[www.mavo.co/acervoa53a.html]
[www.mavo.co/acervo5ef8.html]
[www.mavo.co/acervo3fa2.html]
[www.mavo.co/acervode87.html]
[www.mavo.co/acervoa3bf.html]
[www.mavo.co/acervod741.html]
[www.mavo.co/acervo8063.html]
[www.mavo.co/acervo2507.html]
[www.mavo.co/acervoc539.html]
[www.mavo.co/acervoabd1.html]
[www.mavo.co/acervo0bb4.html]
[www.mavo.co/acervob1bf.html]
[www.mavo.co/acervoef7a.html]
[www.mavo.co/acervo4df0.html]
[www.mavo.co/acervob591.html]
[www.mavo.co/acervod8b7.html]
[www.mavo.co/acervoa7af.html]
[www.mavo.co/acervoce4f.html]
[www.mavo.co/acervobb26.html]
[www.mavo.co/acervof5e3.html]
[www.mavo.co/acervo7dfe.html]
[www.mavo.co/acervo49a1.html]
[www.mavo.co/acervo08d2.html]
[www.mavo.co/acervo3bfa.html]
[www.mavo.co/acervo4e0c.html]
[www.mavo.co/acervo0d5f.html]
[www.mavo.co/acervo1e85.html]
[www.mavo.co/acervob0f6.html]
[www.mavo.co/acervo7939.html]
[www.mavo.co/acervo575a.html]
[www.mavo.co/acervo36e6.html]
[www.mavo.co/acervo6ca5.html]
[www.mavo.co/acervoe6d3.html]
[www.mavo.co/acervo77d2.html]
[www.mavo.co/acervo9ed2.html]
[www.mavo.co/acervo20a3.html]
[www.mavo.co/acervo0a72.html]
[www.mavo.co/acervo495b.html]
[www.mavo.co/acervodbbb.html]
[www.mavo.co/acervob5e6.html]
[www.mavo.co/acervo330a.html]
[www.mavo.co/acervo8776.html]
[www.mavo.co/acervobb82.html]
[www.mavo.co/acervo629f.html]
[www.mavo.co/acervo8894.html]
[www.mavo.co/acervo11b1.html]
[www.mavo.co/acervo41ee.html]
[www.mavo.co/acervo7310.html]
[www.mavo.co/acervoafb8.html]
[www.mavo.co/acervod817.html]
[www.mavo.co/acervo0fe5.html]
[www.mavo.co/acervo0b24.html]
[www.mavo.co/acervo19a6.html]
[www.mavo.co/acervo37ee.html]
[www.mavo.co/acervo2dee.html]
[www.mavo.co/acervo3ee2.html]
[www.mavo.co/acervo6d25.html]
[www.mavo.co/acervo179e.html]
[www.mavo.co/acervoc366.html]
[www.mavo.co/acervo3a73.html]
[www.mavo.co/acervo72a7.html]
[www.mavo.co/acervo45b8.html]
[www.mavo.co/acervof09d.html]
[www.mavo.co/acervo0b9d.html]
[www.mavo.co/acervo.html]
[www.mavo.co/_/www.youtube.com/embed/u8mOv5hvJDY9ae1.html]
[www.mavo.co/_/www.youtube.com/embed/u8mOv5hvJDY8344.html]
[www.mavo.co/_/www.youtube.com/embed/Xk-w90bQqNc9ae1.html]
[www.mavo.co/_/www.youtube.com/embed/Xk-w90bQqNc8344.html]
[www.mavo.co/_/www.youtube.com/embed/CENLq1V9gwI5f1c.html]
[www.mavo.co/_/www.youtube.com/embed/CENLq1V9gwI162e.html]
[www.mavo.co/_/www.youtube.com/embed/QBiyTg9_zB49ae1.html]
[www.mavo.co/_/www.youtube.com/embed/QBiyTg9_zB48344.html]
[www.mavo.co/_/www.youtube.com/embed/3bZ1brgSSjE9ae1.html]
[www.mavo.co/_/www.youtube.com/embed/3bZ1brgSSjE8344.html]
[www.mavo.co/_/www.youtube.com/embed/-cH6sbHbydEe696.html]
[www.mavo.co/_/www.youtube.com/embed/-cH6sbHbydE9088.html]
[www.mavo.co/_https_/player.vimeo.com/video/34866190912a1.html]
[www.mavo.co/_https_/player.vimeo.com/video/34866190913bc.html]
[www.mavo.co/_https_/player.vimeo.com/video/38598427912a1.html]
[www.mavo.co/_https_/player.vimeo.com/video/38598427913bc.html]
[www.mavo.co/_https_/player.vimeo.com/video/50759576412a1.html]
[www.mavo.co/_https_/player.vimeo.com/video/50759576413bc.html]
[www.mavo.co/_/www.youtube.com/embed/Xc_wFDy0Z8U9ae1.html]
[www.mavo.co/_/www.youtube.com/embed/Xc_wFDy0Z8U8344.html]
[www.mavo.co/_https_/player.vimeo.com/video/50760618312a1.html]
[www.mavo.co/_https_/player.vimeo.com/video/50760618313bc.html]
[www.mavo.co/_/cdn.embedly.com/widgets/media6e5c.html]
[www.mavo.co/_/cdn.embedly.com/widgets/media200b.html]
[www.mavo.co/_/cdn.embedly.com/widgets/media6641.html]
[www.mavo.co/_/cdn.embedly.com/widgets/media57a3.html]
[www.mavo.co/_https_/player.vimeo.com/video/5088441524320.html]
[www.mavo.co/_https_/player.vimeo.com/video/5088441524f9a.html]
[www.mavo.co/_https_/player.vimeo.com/video/5088442254320.html]
[www.mavo.co/_https_/player.vimeo.com/video/5088442254f9a.html]
[www.mavo.co/_https_/player.vimeo.com/video/5088442994320.html]
[www.mavo.co/_https_/player.vimeo.com/video/5088442994f9a.html]
[www.mavo.co/_https_/player.vimeo.com/video/5088488944320.html]
[www.mavo.co/_https_/player.vimeo.com/video/5088488944f9a.html]
[www.mavo.co/_https_/player.vimeo.com/video/5812468484320.html]
[www.mavo.co/_https_/player.vimeo.com/video/5812468484f9a.html]
[www.mavo.co/_https_/player.vimeo.com/video/5812467274320.html]
[www.mavo.co/_https_/player.vimeo.com/video/5812467274f9a.html]
[www.mavo.co/_https_/player.vimeo.com/video/5637477244320.html]
[www.mavo.co/_https_/player.vimeo.com/video/5637477244f9a.html]
[www.mavo.co/clear1f8a.html]
[www.mavo.co/clearc222.html]
[www.mavo.co/clearaea2.html]
[www.mavo.co/cleardc5e.html]
[www.mavo.co/acervo3242.html]
[www.mavo.co/clear3c4a.html]
[www.mavo.co/clear1777.html]
[www.mavo.co/clear88e2.html]
[www.mavo.co/clear29e5.html]
[www.mavo.co/clear2232.html]
[www.mavo.co/_https_/player.vimeo.com/video/3972493074320.html]
[www.mavo.co/_https_/player.vimeo.com/video/3972493074f9a.html]
[www.mavo.co/_/www.youtube.com/embed/8qFZ0N4R68k9ae1.html]
[www.mavo.co/_/www.youtube.com/embed/8qFZ0N4R68k8344.html]
[www.mavo.co/_/www.youtube.com/embed/ex8GdjnUhiU2c11.html]
[www.mavo.co/_/www.youtube.com/embed/ex8GdjnUhiUf824.html]
[static1.squarespace.com/static/versioned-site-css/5fae834c1e53e609dae7efa3/38/5c5a519771c10ba3470d8101/5fae834d1e53e609dae7efbd/1116/site.css]
[www.mavo.co/_https_/player.vimeo.com/video/4120394084320.html]
[www.mavo.co/_https_/player.vimeo.com/video/4120394084f9a.html]
[www.mavo.co/_https_/player.vimeo.com/video/38599218712a1.html]
[www.mavo.co/_https_/player.vimeo.com/video/38599218713bc.html]
[www.mavo.co/_https_/player.vimeo.com/video/49097064712a1.html]
[www.mavo.co/_https_/player.vimeo.com/video/49097064713bc.html]
[www.mavo.co/_https_/player.vimeo.com/video/49097067012a1.html]
[www.mavo.co/_https_/player.vimeo.com/video/49097067013bc.html]
[www.mavo.co/_https_/player.vimeo.com/video/49097061312a1.html]
[www.mavo.co/_https_/player.vimeo.com/video/49097061313bc.html]
[www.mavo.co/_https_/player.vimeo.com/video/5088871084320.html]
[www.mavo.co/_https_/player.vimeo.com/video/5088871084f9a.html]
[www.mavo.co/2de10fc1.html]
[www.mavo.co/2de17dc8.html]
[www.mavo.co/2de18d03.html]
[www.mavo.co/2de171a4.html]
[www.mavo.co/2de1efe6.html]
[www.mavo.co/2de1e852.html]
[www.mavo.co/2de1683a.html]
[www.mavo.co/2de12a25.html]
[www.mavo.co/2de10ccb.html]
[www.mavo.co/acervo83fa.html]
[www.mavo.co/acervo85c6.html]
[www.mavo.co/acervode43.html]
[www.mavo.co/acervo4a6b.html]
[www.mavo.co/acervoa69f.html]
[www.mavo.co/acervo12fa.html]
[www.mavo.co/acervo8ce7.html]
[www.mavo.co/acervo34a3.html]
[www.mavo.co/acervo42a1.html]
[www.mavo.co/acervo30b6.html]
[www.mavo.co/acervo8896.html]
[www.mavo.co/acervo58e9.html]
[www.mavo.co/acervo6727.html]
[www.mavo.co/acervo82e3.html]
[www.mavo.co/acervo440a.html]
[www.mavo.co/acervo82f7.html]
[www.mavo.co/acervo3f66.html]
[www.mavo.co/acervoc94d.html]
[www.mavo.co/acervo3870.html]
[www.mavo.co/acervo56d2.html]
[www.mavo.co/acervoe91c.html]
[www.mavo.co/acervo1e79.html]
[www.mavo.co/acervob130.html]
[www.mavo.co/acervocbc5.html]
[www.mavo.co/acervoa7e4.html]
[www.mavo.co/acervof4f5.html]
[www.mavo.co/acervof0e5.html]
[www.mavo.co/acervobe44.html]
[www.mavo.co/acervo4a7a.html]
[www.mavo.co/acervod5f9.html]
[www.mavo.co/acervobce4.html]
[www.mavo.co/acervo0495.html]
[www.mavo.co/acervo20bc.html]
[www.mavo.co/acervoa339.html]
[www.mavo.co/acervo8648.html]
[www.mavo.co/acervo91da.html]
[www.mavo.co/acervod720.html]
[www.mavo.co/acervo0e83.html]
[www.mavo.co/acervoe7e9.html]
[www.mavo.co/acervo13c4.html]
[www.mavo.co/acervo4c98.html]
[www.mavo.co/acervod464.html]
[www.mavo.co/acervo39a3.html]
[www.mavo.co/acervo8a58.html]
[www.mavo.co/acervo096c.html]
[www.mavo.co/acervo4bc6.html]
[www.mavo.co/acervof19d.html]
[www.mavo.co/acervob527.html]
[www.mavo.co/acervo2730.html]
[www.mavo.co/acervo6daf.html]
[www.mavo.co/acervo4f7a.html]
[www.mavo.co/acervo3328.html]
[www.mavo.co/acervo73c1.html]
[www.mavo.co/acervo3bab.html]
[www.mavo.co/acervof47e.html]
[www.mavo.co/acervoafdb.html]
[www.mavo.co/acervo4096.html]
[www.mavo.co/acervo1f9b.html]
[www.mavo.co/acervoaf28.html]
[www.mavo.co/acervo1e1b.html]
[www.mavo.co/acervoc3e9.html]
[www.mavo.co/acervo9ae7.html]
[www.mavo.co/acervo4926.html]
[www.mavo.co/acervo279e.html]
[www.mavo.co/acervo42ef.html]
[www.mavo.co/acervo4a63.html]
[www.mavo.co/acervo2d01.html]
[www.mavo.co/acervo534f.html]
[www.mavo.co/acervo4b05.html]
[www.mavo.co/acervoc4de.html]
[www.mavo.co/acervod9cc.html]
[www.mavo.co/acervod746.html]
[www.mavo.co/acervof30f.html]
[www.mavo.co/acervoa550.html]
[www.mavo.co/acervo9e32.html]
[www.mavo.co/acervo0b84.html]
[www.mavo.co/acervo0743.html]
[assets.squarespace.com/universal/scripts-compressed/common-6999f3165a4d0486464a3-min.pt-BR.js]
[www.mavo.co/acervoe42f.html]
[www.mavo.co/acervoa2a1.html]
[www.mavo.co/acervo8939.html]
[www.mavo.co/acervo4833.html]
[www.mavo.co/acervo1650.html]
[www.mavo.co/acervo890f.html]
[www.mavo.co/acervob53c.html]
[www.mavo.co/acervo9c3f.html]
[www.mavo.co/acervo655d.html]
[www.mavo.co/acervodbef.html]
[www.mavo.co/acervo1222.html]
[www.mavo.co/acervo1257.html]
[www.mavo.co/acervo70b5.html]
[www.mavo.co/acervo0596.html]
[www.mavo.co/acervo3163.html]
[www.mavo.co/acervo428a.html]
[www.mavo.co/acervo211f.html]
[www.mavo.co/acervo8b7e.html]
[www.mavo.co/acervo45d0.html]
[www.mavo.co/acervo0545.html]
[www.mavo.co/acervoa53a.html]
[www.mavo.co/acervo5ef8.html]
[www.mavo.co/acervo3fa2.html]
[www.mavo.co/acervode87.html]
[www.mavo.co/acervoa3bf.html]
[www.mavo.co/acervod741.html]
[www.mavo.co/acervo8063.html]
[www.mavo.co/acervo2507.html]
[www.mavo.co/acervoc539.html]
[www.mavo.co/acervoabd1.html]
[www.mavo.co/acervo0bb4.html]
[www.mavo.co/acervob1bf.html]
[www.mavo.co/acervoef7a.html]
[www.mavo.co/acervo4df0.html]
[www.mavo.co/acervob591.html]
[www.mavo.co/acervod8b7.html]
[www.mavo.co/acervoa7af.html]
[www.mavo.co/acervoce4f.html]
[www.mavo.co/acervobb26.html]
[www.mavo.co/acervof5e3.html]
[www.mavo.co/acervo7dfe.html]
[www.mavo.co/acervo49a1.html]
[www.mavo.co/acervo08d2.html]
[www.mavo.co/acervo3bfa.html]
[www.mavo.co/acervo4e0c.html]
[www.mavo.co/acervo0d5f.html]
[www.mavo.co/acervo1e85.html]
[www.mavo.co/acervob0f6.html]
[www.mavo.co/acervo7939.html]
[www.mavo.co/acervo575a.html]
[www.mavo.co/acervo36e6.html]
[www.mavo.co/acervo6ca5.html]
[www.mavo.co/acervoe6d3.html]
[www.mavo.co/acervo77d2.html]
[www.mavo.co/acervo9ed2.html]
[www.mavo.co/acervo20a3.html]
[www.mavo.co/acervo0a72.html]
[www.mavo.co/acervo495b.html]
[www.mavo.co/acervodbbb.html]
[www.mavo.co/acervob5e6.html]
[www.mavo.co/acervo330a.html]
[www.mavo.co/acervo8776.html]
[www.mavo.co/acervobb82.html]
[www.mavo.co/acervo629f.html]
[www.mavo.co/acervo8894.html]
[www.mavo.co/acervo11b1.html]
[www.mavo.co/acervo41ee.html]
[www.mavo.co/acervo7310.html]
[www.mavo.co/acervoafb8.html]
[www.mavo.co/acervod817.html]
[www.mavo.co/acervo0fe5.html]
[www.mavo.co/acervo0b24.html]
[www.mavo.co/acervo19a6.html]
[www.mavo.co/acervo37ee.html]
[www.mavo.co/acervo2dee.html]
[www.mavo.co/acervo3ee2.html]
[www.mavo.co/acervo6d25.html]
[www.mavo.co/acervo179e.html]
[www.mavo.co/acervoc366.html]
[www.mavo.co/acervo3a73.html]
[www.mavo.co/acervo72a7.html]
[www.mavo.co/acervo45b8.html]
[www.mavo.co/acervof09d.html]
[www.mavo.co/acervo0b9d.html]
[www.mavo.co/acervo3242.html]
